<?xml version="1.0" encoding="ISO-8859-1" ?>
<link_info>
   <banner>MSP430 Linker Unix v18.12.2.LTS</banner>
   <copyright>Copyright (c) 2003-2018 Texas Instruments Incorporated</copyright>
   <link_time>0x5dd6d50b</link_time>
   <link_errors>0x0</link_errors>
   <output_file>ProjetoFinal.out</output_file>
   <entry_point>
      <name>_c_int00_noinit_noargs_mpu</name>
      <address>0x9922</address>
   </entry_point>
   <input_file_list>
      <input_file id="fl-1">
         <path>./</path>
         <kind>object</kind>
         <file>main.obj</file>
         <name>main.obj</name>
      </input_file>
      <input_file id="fl-7">
         <kind>object</kind>
         <file>&lt;internal&gt;</file>
         <name>&lt;internal&gt;</name>
      </input_file>
      <input_file id="fl-22">
         <path>/opt/ti/ccs910/ccs/tools/compiler/ti-cgt-msp430_18.12.2.LTS/lib/</path>
         <kind>archive</kind>
         <file>rts430x_lc_sd_eabi.lib</file>
         <name>copy_decompress_lzss.c.obj</name>
      </input_file>
      <input_file id="fl-23">
         <path>/opt/ti/ccs910/ccs/tools/compiler/ti-cgt-msp430_18.12.2.LTS/lib/</path>
         <kind>archive</kind>
         <file>rts430x_lc_sd_eabi.lib</file>
         <name>copy_decompress_none.c.obj</name>
      </input_file>
      <input_file id="fl-24">
         <path>/opt/ti/ccs910/ccs/tools/compiler/ti-cgt-msp430_18.12.2.LTS/lib/</path>
         <kind>archive</kind>
         <file>rts430x_lc_sd_eabi.lib</file>
         <name>int22.asm.obj</name>
      </input_file>
      <input_file id="fl-25">
         <path>/opt/ti/ccs910/ccs/tools/compiler/ti-cgt-msp430_18.12.2.LTS/lib/</path>
         <kind>archive</kind>
         <file>rts430x_lc_sd_eabi.lib</file>
         <name>isr_trap.asm.obj</name>
      </input_file>
      <input_file id="fl-26">
         <path>/opt/ti/ccs910/ccs/tools/compiler/ti-cgt-msp430_18.12.2.LTS/lib/</path>
         <kind>archive</kind>
         <file>rts430x_lc_sd_eabi.lib</file>
         <name>int23.asm.obj</name>
      </input_file>
      <input_file id="fl-27">
         <path>/opt/ti/ccs910/ccs/tools/compiler/ti-cgt-msp430_18.12.2.LTS/lib/</path>
         <kind>archive</kind>
         <file>rts430x_lc_sd_eabi.lib</file>
         <name>int24.asm.obj</name>
      </input_file>
      <input_file id="fl-28">
         <path>/opt/ti/ccs910/ccs/tools/compiler/ti-cgt-msp430_18.12.2.LTS/lib/</path>
         <kind>archive</kind>
         <file>rts430x_lc_sd_eabi.lib</file>
         <name>int25.asm.obj</name>
      </input_file>
      <input_file id="fl-29">
         <path>/opt/ti/ccs910/ccs/tools/compiler/ti-cgt-msp430_18.12.2.LTS/lib/</path>
         <kind>archive</kind>
         <file>rts430x_lc_sd_eabi.lib</file>
         <name>int26.asm.obj</name>
      </input_file>
      <input_file id="fl-2a">
         <path>/opt/ti/ccs910/ccs/tools/compiler/ti-cgt-msp430_18.12.2.LTS/lib/</path>
         <kind>archive</kind>
         <file>rts430x_lc_sd_eabi.lib</file>
         <name>int27.asm.obj</name>
      </input_file>
      <input_file id="fl-2b">
         <path>/opt/ti/ccs910/ccs/tools/compiler/ti-cgt-msp430_18.12.2.LTS/lib/</path>
         <kind>archive</kind>
         <file>rts430x_lc_sd_eabi.lib</file>
         <name>int28.asm.obj</name>
      </input_file>
      <input_file id="fl-2c">
         <path>/opt/ti/ccs910/ccs/tools/compiler/ti-cgt-msp430_18.12.2.LTS/lib/</path>
         <kind>archive</kind>
         <file>rts430x_lc_sd_eabi.lib</file>
         <name>int29.asm.obj</name>
      </input_file>
      <input_file id="fl-2d">
         <path>/opt/ti/ccs910/ccs/tools/compiler/ti-cgt-msp430_18.12.2.LTS/lib/</path>
         <kind>archive</kind>
         <file>rts430x_lc_sd_eabi.lib</file>
         <name>int30.asm.obj</name>
      </input_file>
      <input_file id="fl-2e">
         <path>/opt/ti/ccs910/ccs/tools/compiler/ti-cgt-msp430_18.12.2.LTS/lib/</path>
         <kind>archive</kind>
         <file>rts430x_lc_sd_eabi.lib</file>
         <name>int31.asm.obj</name>
      </input_file>
      <input_file id="fl-2f">
         <path>/opt/ti/ccs910/ccs/tools/compiler/ti-cgt-msp430_18.12.2.LTS/lib/</path>
         <kind>archive</kind>
         <file>rts430x_lc_sd_eabi.lib</file>
         <name>int32.asm.obj</name>
      </input_file>
      <input_file id="fl-30">
         <path>/opt/ti/ccs910/ccs/tools/compiler/ti-cgt-msp430_18.12.2.LTS/lib/</path>
         <kind>archive</kind>
         <file>rts430x_lc_sd_eabi.lib</file>
         <name>int33.asm.obj</name>
      </input_file>
      <input_file id="fl-31">
         <path>/opt/ti/ccs910/ccs/tools/compiler/ti-cgt-msp430_18.12.2.LTS/lib/</path>
         <kind>archive</kind>
         <file>rts430x_lc_sd_eabi.lib</file>
         <name>int34.asm.obj</name>
      </input_file>
      <input_file id="fl-32">
         <path>/opt/ti/ccs910/ccs/tools/compiler/ti-cgt-msp430_18.12.2.LTS/lib/</path>
         <kind>archive</kind>
         <file>rts430x_lc_sd_eabi.lib</file>
         <name>int35.asm.obj</name>
      </input_file>
      <input_file id="fl-33">
         <path>/opt/ti/ccs910/ccs/tools/compiler/ti-cgt-msp430_18.12.2.LTS/lib/</path>
         <kind>archive</kind>
         <file>rts430x_lc_sd_eabi.lib</file>
         <name>int36.asm.obj</name>
      </input_file>
      <input_file id="fl-34">
         <path>/opt/ti/ccs910/ccs/tools/compiler/ti-cgt-msp430_18.12.2.LTS/lib/</path>
         <kind>archive</kind>
         <file>rts430x_lc_sd_eabi.lib</file>
         <name>int37.asm.obj</name>
      </input_file>
      <input_file id="fl-35">
         <path>/opt/ti/ccs910/ccs/tools/compiler/ti-cgt-msp430_18.12.2.LTS/lib/</path>
         <kind>archive</kind>
         <file>rts430x_lc_sd_eabi.lib</file>
         <name>int38.asm.obj</name>
      </input_file>
      <input_file id="fl-36">
         <path>/opt/ti/ccs910/ccs/tools/compiler/ti-cgt-msp430_18.12.2.LTS/lib/</path>
         <kind>archive</kind>
         <file>rts430x_lc_sd_eabi.lib</file>
         <name>int39.asm.obj</name>
      </input_file>
      <input_file id="fl-37">
         <path>/opt/ti/ccs910/ccs/tools/compiler/ti-cgt-msp430_18.12.2.LTS/lib/</path>
         <kind>archive</kind>
         <file>rts430x_lc_sd_eabi.lib</file>
         <name>int40.asm.obj</name>
      </input_file>
      <input_file id="fl-38">
         <path>/opt/ti/ccs910/ccs/tools/compiler/ti-cgt-msp430_18.12.2.LTS/lib/</path>
         <kind>archive</kind>
         <file>rts430x_lc_sd_eabi.lib</file>
         <name>int41.asm.obj</name>
      </input_file>
      <input_file id="fl-39">
         <path>/opt/ti/ccs910/ccs/tools/compiler/ti-cgt-msp430_18.12.2.LTS/lib/</path>
         <kind>archive</kind>
         <file>rts430x_lc_sd_eabi.lib</file>
         <name>int43.asm.obj</name>
      </input_file>
      <input_file id="fl-3a">
         <path>/opt/ti/ccs910/ccs/tools/compiler/ti-cgt-msp430_18.12.2.LTS/lib/</path>
         <kind>archive</kind>
         <file>rts430x_lc_sd_eabi.lib</file>
         <name>int44.asm.obj</name>
      </input_file>
      <input_file id="fl-3b">
         <path>/opt/ti/ccs910/ccs/tools/compiler/ti-cgt-msp430_18.12.2.LTS/lib/</path>
         <kind>archive</kind>
         <file>rts430x_lc_sd_eabi.lib</file>
         <name>int45.asm.obj</name>
      </input_file>
      <input_file id="fl-3c">
         <path>/opt/ti/ccs910/ccs/tools/compiler/ti-cgt-msp430_18.12.2.LTS/lib/</path>
         <kind>archive</kind>
         <file>rts430x_lc_sd_eabi.lib</file>
         <name>copy_zero_init.c.obj</name>
      </input_file>
      <input_file id="fl-3d">
         <path>/opt/ti/ccs910/ccs/tools/compiler/ti-cgt-msp430_18.12.2.LTS/lib/</path>
         <kind>archive</kind>
         <file>rts430x_lc_sd_eabi.lib</file>
         <name>cpy_util.asm.obj</name>
      </input_file>
      <input_file id="fl-3e">
         <path>/opt/ti/ccs910/ccs/tools/compiler/ti-cgt-msp430_18.12.2.LTS/lib/</path>
         <kind>archive</kind>
         <file>rts430x_lc_sd_eabi.lib</file>
         <name>addd.c.obj</name>
      </input_file>
      <input_file id="fl-3f">
         <path>/opt/ti/ccs910/ccs/tools/compiler/ti-cgt-msp430_18.12.2.LTS/lib/</path>
         <kind>archive</kind>
         <file>rts430x_lc_sd_eabi.lib</file>
         <name>frcaddd.c.obj</name>
      </input_file>
      <input_file id="fl-40">
         <path>/opt/ti/ccs910/ccs/tools/compiler/ti-cgt-msp430_18.12.2.LTS/lib/</path>
         <kind>archive</kind>
         <file>rts430x_lc_sd_eabi.lib</file>
         <name>renormd.c.obj</name>
      </input_file>
      <input_file id="fl-41">
         <path>/opt/ti/ccs910/ccs/tools/compiler/ti-cgt-msp430_18.12.2.LTS/lib/</path>
         <kind>archive</kind>
         <file>rts430x_lc_sd_eabi.lib</file>
         <name>cmpd.c.obj</name>
      </input_file>
      <input_file id="fl-42">
         <path>/opt/ti/ccs910/ccs/tools/compiler/ti-cgt-msp430_18.12.2.LTS/lib/</path>
         <kind>archive</kind>
         <file>rts430x_lc_sd_eabi.lib</file>
         <name>cvtfd.c.obj</name>
      </input_file>
      <input_file id="fl-43">
         <path>/opt/ti/ccs910/ccs/tools/compiler/ti-cgt-msp430_18.12.2.LTS/lib/</path>
         <kind>archive</kind>
         <file>rts430x_lc_sd_eabi.lib</file>
         <name>divd.c.obj</name>
      </input_file>
      <input_file id="fl-44">
         <path>/opt/ti/ccs910/ccs/tools/compiler/ti-cgt-msp430_18.12.2.LTS/lib/</path>
         <kind>archive</kind>
         <file>rts430x_lc_sd_eabi.lib</file>
         <name>frcdivd.c.obj</name>
      </input_file>
      <input_file id="fl-45">
         <path>/opt/ti/ccs910/ccs/tools/compiler/ti-cgt-msp430_18.12.2.LTS/lib/</path>
         <kind>archive</kind>
         <file>rts430x_lc_sd_eabi.lib</file>
         <name>fixdu.c.obj</name>
      </input_file>
      <input_file id="fl-46">
         <path>/opt/ti/ccs910/ccs/tools/compiler/ti-cgt-msp430_18.12.2.LTS/lib/</path>
         <kind>archive</kind>
         <file>rts430x_lc_sd_eabi.lib</file>
         <name>fixdul.c.obj</name>
      </input_file>
      <input_file id="fl-47">
         <path>/opt/ti/ccs910/ccs/tools/compiler/ti-cgt-msp430_18.12.2.LTS/lib/</path>
         <kind>archive</kind>
         <file>rts430x_lc_sd_eabi.lib</file>
         <name>fs_itof.asm.obj</name>
      </input_file>
      <input_file id="fl-48">
         <path>/opt/ti/ccs910/ccs/tools/compiler/ti-cgt-msp430_18.12.2.LTS/lib/</path>
         <kind>archive</kind>
         <file>rts430x_lc_sd_eabi.lib</file>
         <name>mpyd.c.obj</name>
      </input_file>
      <input_file id="fl-49">
         <path>/opt/ti/ccs910/ccs/tools/compiler/ti-cgt-msp430_18.12.2.LTS/lib/</path>
         <kind>archive</kind>
         <file>rts430x_lc_sd_eabi.lib</file>
         <name>frcmpyd.c.obj</name>
      </input_file>
      <input_file id="fl-4a">
         <path>/opt/ti/ccs910/ccs/tools/compiler/ti-cgt-msp430_18.12.2.LTS/lib/</path>
         <kind>archive</kind>
         <file>rts430x_lc_sd_eabi.lib</file>
         <name>mult16.asm.obj</name>
      </input_file>
      <input_file id="fl-4b">
         <path>/opt/ti/ccs910/ccs/tools/compiler/ti-cgt-msp430_18.12.2.LTS/lib/</path>
         <kind>archive</kind>
         <file>rts430x_lc_sd_eabi.lib</file>
         <name>mult16_f5hw.asm.obj</name>
      </input_file>
      <input_file id="fl-4c">
         <path>/opt/ti/ccs910/ccs/tools/compiler/ti-cgt-msp430_18.12.2.LTS/lib/</path>
         <kind>archive</kind>
         <file>rts430x_lc_sd_eabi.lib</file>
         <name>mult32.asm.obj</name>
      </input_file>
      <input_file id="fl-4d">
         <path>/opt/ti/ccs910/ccs/tools/compiler/ti-cgt-msp430_18.12.2.LTS/lib/</path>
         <kind>archive</kind>
         <file>rts430x_lc_sd_eabi.lib</file>
         <name>mult32_f5hw.asm.obj</name>
      </input_file>
      <input_file id="fl-4e">
         <path>/opt/ti/ccs910/ccs/tools/compiler/ti-cgt-msp430_18.12.2.LTS/lib/</path>
         <kind>archive</kind>
         <file>rts430x_lc_sd_eabi.lib</file>
         <name>mult64_f5hw.asm.obj</name>
      </input_file>
      <input_file id="fl-4f">
         <path>/opt/ti/ccs910/ccs/tools/compiler/ti-cgt-msp430_18.12.2.LTS/lib/</path>
         <kind>archive</kind>
         <file>rts430x_lc_sd_eabi.lib</file>
         <name>mult1632_f5hw.asm.obj</name>
      </input_file>
      <input_file id="fl-50">
         <path>/opt/ti/ccs910/ccs/tools/compiler/ti-cgt-msp430_18.12.2.LTS/lib/</path>
         <kind>archive</kind>
         <file>rts430x_lc_sd_eabi.lib</file>
         <name>mult3264_f5hw.asm.obj</name>
      </input_file>
      <input_file id="fl-51">
         <path>/opt/ti/ccs910/ccs/tools/compiler/ti-cgt-msp430_18.12.2.LTS/lib/</path>
         <kind>archive</kind>
         <file>rts430x_lc_sd_eabi.lib</file>
         <name>lsl32.asm.obj</name>
      </input_file>
      <input_file id="fl-52">
         <path>/opt/ti/ccs910/ccs/tools/compiler/ti-cgt-msp430_18.12.2.LTS/lib/</path>
         <kind>archive</kind>
         <file>rts430x_lc_sd_eabi.lib</file>
         <name>asr32.asm.obj</name>
      </input_file>
      <input_file id="fl-53">
         <path>/opt/ti/ccs910/ccs/tools/compiler/ti-cgt-msp430_18.12.2.LTS/lib/</path>
         <kind>archive</kind>
         <file>rts430x_lc_sd_eabi.lib</file>
         <name>lsr32.asm.obj</name>
      </input_file>
      <input_file id="fl-54">
         <path>/opt/ti/ccs910/ccs/tools/compiler/ti-cgt-msp430_18.12.2.LTS/lib/</path>
         <kind>archive</kind>
         <file>rts430x_lc_sd_eabi.lib</file>
         <name>lsr64.c.obj</name>
      </input_file>
      <input_file id="fl-55">
         <path>/opt/ti/ccs910/ccs/tools/compiler/ti-cgt-msp430_18.12.2.LTS/lib/</path>
         <kind>archive</kind>
         <file>rts430x_lc_sd_eabi.lib</file>
         <name>subd.c.obj</name>
      </input_file>
      <input_file id="fl-56">
         <path>/opt/ti/ccs910/ccs/tools/compiler/ti-cgt-msp430_18.12.2.LTS/lib/</path>
         <kind>archive</kind>
         <file>rts430x_lc_sd_eabi.lib</file>
         <name>boot.c.obj</name>
      </input_file>
      <input_file id="fl-57">
         <path>/opt/ti/ccs910/ccs/ccs_base/msp430/lib/FR2xx/</path>
         <kind>archive</kind>
         <file>FRWP_INIT_LIB_CCS_msp430_large_code_small_data.lib</file>
         <name>frwp_init.obj</name>
      </input_file>
      <input_file id="fl-58">
         <path>/opt/ti/ccs910/ccs/tools/compiler/ti-cgt-msp430_18.12.2.LTS/lib/</path>
         <kind>archive</kind>
         <file>rts430x_lc_sd_eabi.lib</file>
         <name>args_main.c.obj</name>
      </input_file>
      <input_file id="fl-59">
         <path>/opt/ti/ccs910/ccs/tools/compiler/ti-cgt-msp430_18.12.2.LTS/lib/</path>
         <kind>archive</kind>
         <file>rts430x_lc_sd_eabi.lib</file>
         <name>autoinit.c.obj</name>
      </input_file>
      <input_file id="fl-5a">
         <path>/opt/ti/ccs910/ccs/tools/compiler/ti-cgt-msp430_18.12.2.LTS/lib/</path>
         <kind>archive</kind>
         <file>rts430x_lc_sd_eabi.lib</file>
         <name>startup.c.obj</name>
      </input_file>
      <input_file id="fl-5b">
         <path>/opt/ti/ccs910/ccs/tools/compiler/ti-cgt-msp430_18.12.2.LTS/lib/</path>
         <kind>archive</kind>
         <file>rts430x_lc_sd_eabi.lib</file>
         <name>pre_init.c.obj</name>
      </input_file>
      <input_file id="fl-5c">
         <path>/opt/ti/ccs910/ccs/tools/compiler/ti-cgt-msp430_18.12.2.LTS/lib/</path>
         <kind>archive</kind>
         <file>rts430x_lc_sd_eabi.lib</file>
         <name>s_ceil.c.obj</name>
      </input_file>
      <input_file id="fl-5d">
         <path>/opt/ti/ccs910/ccs/tools/compiler/ti-cgt-msp430_18.12.2.LTS/lib/</path>
         <kind>archive</kind>
         <file>rts430x_lc_sd_eabi.lib</file>
         <name>lsl16.asm.obj</name>
      </input_file>
      <input_file id="fl-5e">
         <path>/opt/ti/ccs910/ccs/tools/compiler/ti-cgt-msp430_18.12.2.LTS/lib/</path>
         <kind>archive</kind>
         <file>rts430x_lc_sd_eabi.lib</file>
         <name>cpy_tbl.c.obj</name>
      </input_file>
      <input_file id="fl-5f">
         <path>/opt/ti/ccs910/ccs/tools/compiler/ti-cgt-msp430_18.12.2.LTS/lib/</path>
         <kind>archive</kind>
         <file>rts430x_lc_sd_eabi.lib</file>
         <name>exit.c.obj</name>
      </input_file>
      <input_file id="fl-60">
         <path>/opt/ti/ccs910/ccs/tools/compiler/ti-cgt-msp430_18.12.2.LTS/lib/</path>
         <kind>archive</kind>
         <file>rts430x_lc_sd_eabi.lib</file>
         <name>exit_gvars.c.obj</name>
      </input_file>
      <input_file id="fl-61">
         <path>/opt/ti/ccs910/ccs/tools/compiler/ti-cgt-msp430_18.12.2.LTS/lib/</path>
         <kind>archive</kind>
         <file>rts430x_lc_sd_eabi.lib</file>
         <name>_lock.c.obj</name>
      </input_file>
      <input_file id="fl-62">
         <path>/opt/ti/ccs910/ccs/tools/compiler/ti-cgt-msp430_18.12.2.LTS/lib/</path>
         <kind>archive</kind>
         <file>rts430x_lc_sd_eabi.lib</file>
         <name>memcpy.c.obj</name>
      </input_file>
   </input_file_list>
   <object_component_list>
      <object_component id="oc-6d7">
         <name>.binit</name>
         <load_address>0x8000</load_address>
         <run_address>0x8000</run_address>
         <size>0x0</size>
      </object_component>
      <object_component id="oc-638">
         <name>.text:__TI_frcdivd</name>
         <load_address>0x8000</load_address>
         <run_address>0x8000</run_address>
         <size>0x466</size>
         <input_file_ref idref="fl-44"/>
      </object_component>
      <object_component id="oc-61f">
         <name>.text:__mspabi_addd</name>
         <load_address>0x8466</load_address>
         <run_address>0x8466</run_address>
         <size>0x2de</size>
         <input_file_ref idref="fl-3e"/>
      </object_component>
      <object_component id="oc-608">
         <name>.text:__TI_frcmpyd</name>
         <load_address>0x8744</load_address>
         <run_address>0x8744</run_address>
         <size>0x280</size>
         <input_file_ref idref="fl-49"/>
      </object_component>
      <object_component id="oc-5a0">
         <name>.text:__mspabi_mpyd</name>
         <load_address>0x89c4</load_address>
         <run_address>0x89c4</run_address>
         <size>0x264</size>
         <input_file_ref idref="fl-48"/>
      </object_component>
      <object_component id="oc-68f">
         <name>.text:__TI_frcaddd</name>
         <load_address>0x8c28</load_address>
         <run_address>0x8c28</run_address>
         <size>0x248</size>
         <input_file_ref idref="fl-3f"/>
      </object_component>
      <object_component id="oc-5b2">
         <name>.text:__mspabi_divd</name>
         <load_address>0x8e70</load_address>
         <run_address>0x8e70</run_address>
         <size>0x220</size>
         <input_file_ref idref="fl-43"/>
      </object_component>
      <object_component id="oc-5a6">
         <name>.text:ceil</name>
         <load_address>0x9090</load_address>
         <run_address>0x9090</run_address>
         <size>0x1c2</size>
         <input_file_ref idref="fl-5c"/>
      </object_component>
      <object_component id="oc-4fb">
         <name>.text:main</name>
         <load_address>0x9252</load_address>
         <run_address>0x9252</run_address>
         <size>0x154</size>
         <input_file_ref idref="fl-1"/>
      </object_component>
      <object_component id="oc-62a">
         <name>.text:__mspabi_cmpd</name>
         <load_address>0x93a6</load_address>
         <run_address>0x93a6</run_address>
         <size>0xd8</size>
         <input_file_ref idref="fl-41"/>
      </object_component>
      <object_component id="oc-6c2">
         <name>.text:__TI_renormd</name>
         <load_address>0x947e</load_address>
         <run_address>0x947e</run_address>
         <size>0xb2</size>
         <input_file_ref idref="fl-40"/>
      </object_component>
      <object_component id="oc-52e">
         <name>.text:get_N</name>
         <load_address>0x9530</load_address>
         <run_address>0x9530</run_address>
         <size>0x78</size>
         <input_file_ref idref="fl-1"/>
      </object_component>
      <object_component id="oc-5b9">
         <name>.text:__mspabi_fixdul</name>
         <load_address>0x95a8</load_address>
         <run_address>0x95a8</run_address>
         <size>0x68</size>
         <input_file_ref idref="fl-46"/>
      </object_component>
      <object_component id="oc-53a">
         <name>.text:update_button_state</name>
         <load_address>0x9610</load_address>
         <run_address>0x9610</run_address>
         <size>0x64</size>
         <input_file_ref idref="fl-1"/>
      </object_component>
      <object_component id="oc-59a">
         <name>.text:__mspabi_cvtfd</name>
         <load_address>0x9674</load_address>
         <run_address>0x9674</run_address>
         <size>0x5c</size>
         <input_file_ref idref="fl-42"/>
      </object_component>
      <object_component id="oc-5fd">
         <name>.text:l_asr_const</name>
         <load_address>0x96d0</load_address>
         <run_address>0x96d0</run_address>
         <size>0x3e</size>
         <input_file_ref idref="fl-52"/>
      </object_component>
      <object_component id="oc-640">
         <name>.text:l_lsl_const</name>
         <load_address>0x970e</load_address>
         <run_address>0x970e</run_address>
         <size>0x3e</size>
         <input_file_ref idref="fl-51"/>
      </object_component>
      <object_component id="oc-684">
         <name>.text:l_lsr_const</name>
         <load_address>0x974c</load_address>
         <run_address>0x974c</run_address>
         <size>0x3e</size>
         <input_file_ref idref="fl-53"/>
      </object_component>
      <object_component id="oc-50d">
         <name>.text:__mpu_init</name>
         <load_address>0x978a</load_address>
         <run_address>0x978a</run_address>
         <size>0x3c</size>
         <input_file_ref idref="fl-57"/>
      </object_component>
      <object_component id="oc-529">
         <name>.text</name>
         <load_address>0x97c6</load_address>
         <run_address>0x97c6</run_address>
         <size>0x36</size>
         <input_file_ref idref="fl-47"/>
      </object_component>
      <object_component id="oc-5ac">
         <name>.text:__mspabi_subd</name>
         <load_address>0x97fc</load_address>
         <run_address>0x97fc</run_address>
         <size>0x2e</size>
         <input_file_ref idref="fl-55"/>
      </object_component>
      <object_component id="oc-67f">
         <name>.text</name>
         <load_address>0x982a</load_address>
         <run_address>0x982a</run_address>
         <size>0x24</size>
         <input_file_ref idref="fl-4d"/>
      </object_component>
      <object_component id="oc-540">
         <name>.text:button_pressed</name>
         <load_address>0x984e</load_address>
         <run_address>0x984e</run_address>
         <size>0x1c</size>
         <input_file_ref idref="fl-1"/>
      </object_component>
      <object_component id="oc-51d">
         <name>.text:config_all_buttons</name>
         <load_address>0x986a</load_address>
         <run_address>0x986a</run_address>
         <size>0x1a</size>
         <input_file_ref idref="fl-1"/>
      </object_component>
      <object_component id="oc-546">
         <name>.text:debounce</name>
         <load_address>0x9884</load_address>
         <run_address>0x9884</run_address>
         <size>0x1a</size>
         <input_file_ref idref="fl-1"/>
      </object_component>
      <object_component id="oc-66c">
         <name>.text</name>
         <load_address>0x989e</load_address>
         <run_address>0x989e</run_address>
         <size>0x18</size>
         <input_file_ref idref="fl-4b"/>
      </object_component>
      <object_component id="oc-523">
         <name>.text:config_all_leds</name>
         <load_address>0x98b6</load_address>
         <run_address>0x98b6</run_address>
         <size>0x16</size>
         <input_file_ref idref="fl-1"/>
      </object_component>
      <object_component id="oc-534">
         <name>.text:__mspabi_fixdu</name>
         <load_address>0x98cc</load_address>
         <run_address>0x98cc</run_address>
         <size>0x12</size>
         <input_file_ref idref="fl-45"/>
      </object_component>
      <object_component id="oc-625">
         <name>.text:l_asr</name>
         <load_address>0x98de</load_address>
         <run_address>0x98de</run_address>
         <size>0x10</size>
         <input_file_ref idref="fl-52"/>
      </object_component>
      <object_component id="oc-6bd">
         <name>.text:l_lsl</name>
         <load_address>0x98ee</load_address>
         <run_address>0x98ee</run_address>
         <size>0x10</size>
         <input_file_ref idref="fl-51"/>
      </object_component>
      <object_component id="oc-615">
         <name>.text:l_lsr</name>
         <load_address>0x98fe</load_address>
         <run_address>0x98fe</run_address>
         <size>0x10</size>
         <input_file_ref idref="fl-53"/>
      </object_component>
      <object_component id="oc-61a">
         <name>.text</name>
         <load_address>0x990e</load_address>
         <run_address>0x990e</run_address>
         <size>0xa</size>
         <input_file_ref idref="fl-5d"/>
      </object_component>
      <object_component id="oc-553">
         <name>.text:abort</name>
         <load_address>0x9918</load_address>
         <run_address>0x9918</run_address>
         <size>0x6</size>
         <input_file_ref idref="fl-5f"/>
      </object_component>
      <object_component id="oc-4f5">
         <name>.text:_system_pre_init</name>
         <load_address>0x991e</load_address>
         <run_address>0x991e</run_address>
         <size>0x4</size>
         <input_file_ref idref="fl-5b"/>
      </object_component>
      <object_component id="oc-4ca">
         <name>.text:_isr:_c_int00_noinit_noargs_mpu</name>
         <load_address>0x9922</load_address>
         <run_address>0x9922</run_address>
         <size>0x18</size>
         <input_file_ref idref="fl-56"/>
      </object_component>
      <object_component id="oc-4a0">
         <name>.text:_isr:TB0_ISR</name>
         <load_address>0x993a</load_address>
         <run_address>0x993a</run_address>
         <size>0xe</size>
         <input_file_ref idref="fl-1"/>
      </object_component>
      <object_component id="oc-49b">
         <name>.text:_isr:__TI_ISR_TRAP</name>
         <load_address>0x9948</load_address>
         <run_address>0x9948</run_address>
         <size>0x8</size>
         <input_file_ref idref="fl-25"/>
      </object_component>
      <object_component id="oc-480">
         <name>.stack</name>
         <uninitialized>true</uninitialized>
         <run_address>0x2f60</run_address>
         <size>0x2</size>
         <input_file_ref idref="fl-56"/>
      </object_component>
      <object_component id="oc-738">
         <name>.stack</name>
         <uninitialized>true</uninitialized>
         <run_address>0x2f60</run_address>
         <size>0x0</size>
      </object_component>
      <object_component id="oc-72">
         <name>.int22</name>
         <load_address>0xffce</load_address>
         <run_address>0xffce</run_address>
         <size>0x2</size>
         <input_file_ref idref="fl-24"/>
      </object_component>
      <object_component id="oc-73">
         <name>.int23</name>
         <load_address>0xffd0</load_address>
         <run_address>0xffd0</run_address>
         <size>0x2</size>
         <input_file_ref idref="fl-26"/>
      </object_component>
      <object_component id="oc-74">
         <name>.int24</name>
         <load_address>0xffd2</load_address>
         <run_address>0xffd2</run_address>
         <size>0x2</size>
         <input_file_ref idref="fl-27"/>
      </object_component>
      <object_component id="oc-75">
         <name>.int25</name>
         <load_address>0xffd4</load_address>
         <run_address>0xffd4</run_address>
         <size>0x2</size>
         <input_file_ref idref="fl-28"/>
      </object_component>
      <object_component id="oc-76">
         <name>.int26</name>
         <load_address>0xffd6</load_address>
         <run_address>0xffd6</run_address>
         <size>0x2</size>
         <input_file_ref idref="fl-29"/>
      </object_component>
      <object_component id="oc-77">
         <name>.int27</name>
         <load_address>0xffd8</load_address>
         <run_address>0xffd8</run_address>
         <size>0x2</size>
         <input_file_ref idref="fl-2a"/>
      </object_component>
      <object_component id="oc-78">
         <name>.int28</name>
         <load_address>0xffda</load_address>
         <run_address>0xffda</run_address>
         <size>0x2</size>
         <input_file_ref idref="fl-2b"/>
      </object_component>
      <object_component id="oc-79">
         <name>.int29</name>
         <load_address>0xffdc</load_address>
         <run_address>0xffdc</run_address>
         <size>0x2</size>
         <input_file_ref idref="fl-2c"/>
      </object_component>
      <object_component id="oc-7a">
         <name>.int30</name>
         <load_address>0xffde</load_address>
         <run_address>0xffde</run_address>
         <size>0x2</size>
         <input_file_ref idref="fl-2d"/>
      </object_component>
      <object_component id="oc-7b">
         <name>.int31</name>
         <load_address>0xffe0</load_address>
         <run_address>0xffe0</run_address>
         <size>0x2</size>
         <input_file_ref idref="fl-2e"/>
      </object_component>
      <object_component id="oc-7c">
         <name>.int32</name>
         <load_address>0xffe2</load_address>
         <run_address>0xffe2</run_address>
         <size>0x2</size>
         <input_file_ref idref="fl-2f"/>
      </object_component>
      <object_component id="oc-7d">
         <name>.int33</name>
         <load_address>0xffe4</load_address>
         <run_address>0xffe4</run_address>
         <size>0x2</size>
         <input_file_ref idref="fl-30"/>
      </object_component>
      <object_component id="oc-7e">
         <name>.int34</name>
         <load_address>0xffe6</load_address>
         <run_address>0xffe6</run_address>
         <size>0x2</size>
         <input_file_ref idref="fl-31"/>
      </object_component>
      <object_component id="oc-7f">
         <name>.int35</name>
         <load_address>0xffe8</load_address>
         <run_address>0xffe8</run_address>
         <size>0x2</size>
         <input_file_ref idref="fl-32"/>
      </object_component>
      <object_component id="oc-80">
         <name>.int36</name>
         <load_address>0xffea</load_address>
         <run_address>0xffea</run_address>
         <size>0x2</size>
         <input_file_ref idref="fl-33"/>
      </object_component>
      <object_component id="oc-81">
         <name>.int37</name>
         <load_address>0xffec</load_address>
         <run_address>0xffec</run_address>
         <size>0x2</size>
         <input_file_ref idref="fl-34"/>
      </object_component>
      <object_component id="oc-82">
         <name>.int38</name>
         <load_address>0xffee</load_address>
         <run_address>0xffee</run_address>
         <size>0x2</size>
         <input_file_ref idref="fl-35"/>
      </object_component>
      <object_component id="oc-83">
         <name>.int39</name>
         <load_address>0xfff0</load_address>
         <run_address>0xfff0</run_address>
         <size>0x2</size>
         <input_file_ref idref="fl-36"/>
      </object_component>
      <object_component id="oc-84">
         <name>.int40</name>
         <load_address>0xfff2</load_address>
         <run_address>0xfff2</run_address>
         <size>0x2</size>
         <input_file_ref idref="fl-37"/>
      </object_component>
      <object_component id="oc-85">
         <name>.int41</name>
         <load_address>0xfff4</load_address>
         <run_address>0xfff4</run_address>
         <size>0x2</size>
         <input_file_ref idref="fl-38"/>
      </object_component>
      <object_component id="oc-86">
         <name>.int42</name>
         <load_address>0xfff6</load_address>
         <run_address>0xfff6</run_address>
         <size>0x2</size>
         <input_file_ref idref="fl-1"/>
      </object_component>
      <object_component id="oc-87">
         <name>.int43</name>
         <load_address>0xfff8</load_address>
         <run_address>0xfff8</run_address>
         <size>0x2</size>
         <input_file_ref idref="fl-39"/>
      </object_component>
      <object_component id="oc-88">
         <name>.int44</name>
         <load_address>0xfffa</load_address>
         <run_address>0xfffa</run_address>
         <size>0x2</size>
         <input_file_ref idref="fl-3a"/>
      </object_component>
      <object_component id="oc-89">
         <name>.int45</name>
         <load_address>0xfffc</load_address>
         <run_address>0xfffc</run_address>
         <size>0x2</size>
         <input_file_ref idref="fl-3b"/>
      </object_component>
      <object_component id="oc-483">
         <name>.reset</name>
         <load_address>0xfffe</load_address>
         <run_address>0xfffe</run_address>
         <size>0x2</size>
         <input_file_ref idref="fl-56"/>
      </object_component>
      <object_component id="oc-552">
         <name>.debug_info</name>
         <load_address>0x0</load_address>
         <run_address>0x0</run_address>
         <size>0x370</size>
         <input_file_ref idref="fl-1"/>
      </object_component>
      <object_component id="oc-53b">
         <name>.debug_info</name>
         <load_address>0x370</load_address>
         <run_address>0x370</run_address>
         <size>0x1af</size>
         <input_file_ref idref="fl-1"/>
      </object_component>
      <object_component id="oc-51e">
         <name>.debug_info</name>
         <load_address>0x51f</load_address>
         <run_address>0x51f</run_address>
         <size>0x12c</size>
         <input_file_ref idref="fl-1"/>
      </object_component>
      <object_component id="oc-524">
         <name>.debug_info</name>
         <load_address>0x64b</load_address>
         <run_address>0x64b</run_address>
         <size>0x126</size>
         <input_file_ref idref="fl-1"/>
      </object_component>
      <object_component id="oc-52f">
         <name>.debug_info</name>
         <load_address>0x771</load_address>
         <run_address>0x771</run_address>
         <size>0x24e</size>
         <input_file_ref idref="fl-1"/>
      </object_component>
      <object_component id="oc-541">
         <name>.debug_info</name>
         <load_address>0x9bf</load_address>
         <run_address>0x9bf</run_address>
         <size>0x152</size>
         <input_file_ref idref="fl-1"/>
      </object_component>
      <object_component id="oc-547">
         <name>.debug_info</name>
         <load_address>0xb11</load_address>
         <run_address>0xb11</run_address>
         <size>0x146</size>
         <input_file_ref idref="fl-1"/>
      </object_component>
      <object_component id="oc-4fc">
         <name>.debug_info</name>
         <load_address>0xc57</load_address>
         <run_address>0xc57</run_address>
         <size>0x24a</size>
         <input_file_ref idref="fl-1"/>
      </object_component>
      <object_component id="oc-4a1">
         <name>.debug_info</name>
         <load_address>0xea1</load_address>
         <run_address>0xea1</run_address>
         <size>0xfb</size>
         <input_file_ref idref="fl-1"/>
      </object_component>
      <object_component id="oc-5c5">
         <name>.debug_info</name>
         <load_address>0xf9c</load_address>
         <run_address>0xf9c</run_address>
         <size>0x26b</size>
         <input_file_ref idref="fl-1"/>
      </object_component>
      <object_component id="oc-54d">
         <name>.debug_info</name>
         <load_address>0x1207</load_address>
         <run_address>0x1207</run_address>
         <size>0x8b</size>
         <input_file_ref idref="fl-1"/>
      </object_component>
      <object_component id="oc-646">
         <name>.debug_info</name>
         <load_address>0x1292</load_address>
         <run_address>0x1292</run_address>
         <size>0x275</size>
         <input_file_ref idref="fl-1"/>
      </object_component>
      <object_component id="oc-48a">
         <name>.debug_info</name>
         <load_address>0x1507</load_address>
         <run_address>0x1507</run_address>
         <size>0x84</size>
         <input_file_ref idref="fl-22"/>
      </object_component>
      <object_component id="oc-49c">
         <name>.debug_info</name>
         <load_address>0x158b</load_address>
         <run_address>0x158b</run_address>
         <size>0x110</size>
         <input_file_ref idref="fl-25"/>
      </object_component>
      <object_component id="oc-696">
         <name>.debug_info</name>
         <load_address>0x169b</load_address>
         <run_address>0x169b</run_address>
         <size>0x1a3</size>
         <input_file_ref idref="fl-3e"/>
      </object_component>
      <object_component id="oc-620">
         <name>.debug_info</name>
         <load_address>0x183e</load_address>
         <run_address>0x183e</run_address>
         <size>0x229</size>
         <input_file_ref idref="fl-3e"/>
      </object_component>
      <object_component id="oc-60f">
         <name>.debug_info</name>
         <load_address>0x1a67</load_address>
         <run_address>0x1a67</run_address>
         <size>0x94</size>
         <input_file_ref idref="fl-3e"/>
      </object_component>
      <object_component id="oc-6c9">
         <name>.debug_info</name>
         <load_address>0x1afb</load_address>
         <run_address>0x1afb</run_address>
         <size>0x19c</size>
         <input_file_ref idref="fl-3f"/>
      </object_component>
      <object_component id="oc-693">
         <name>.debug_info</name>
         <load_address>0x1c97</load_address>
         <run_address>0x1c97</run_address>
         <size>0x2bd</size>
         <input_file_ref idref="fl-3f"/>
      </object_component>
      <object_component id="oc-6d2">
         <name>.debug_info</name>
         <load_address>0x1f54</load_address>
         <run_address>0x1f54</run_address>
         <size>0x16e</size>
         <input_file_ref idref="fl-40"/>
      </object_component>
      <object_component id="oc-6c6">
         <name>.debug_info</name>
         <load_address>0x20c2</load_address>
         <run_address>0x20c2</run_address>
         <size>0x1de</size>
         <input_file_ref idref="fl-40"/>
      </object_component>
      <object_component id="oc-62e">
         <name>.debug_info</name>
         <load_address>0x22a0</load_address>
         <run_address>0x22a0</run_address>
         <size>0x1d0</size>
         <input_file_ref idref="fl-41"/>
      </object_component>
      <object_component id="oc-59e">
         <name>.debug_info</name>
         <load_address>0x2470</load_address>
         <run_address>0x2470</run_address>
         <size>0x189</size>
         <input_file_ref idref="fl-42"/>
      </object_component>
      <object_component id="oc-603">
         <name>.debug_info</name>
         <load_address>0x25f9</load_address>
         <run_address>0x25f9</run_address>
         <size>0xdb</size>
         <input_file_ref idref="fl-42"/>
      </object_component>
      <object_component id="oc-63f">
         <name>.debug_info</name>
         <load_address>0x26d4</load_address>
         <run_address>0x26d4</run_address>
         <size>0x19e</size>
         <input_file_ref idref="fl-43"/>
      </object_component>
      <object_component id="oc-5b5">
         <name>.debug_info</name>
         <load_address>0x2872</load_address>
         <run_address>0x2872</run_address>
         <size>0x253</size>
         <input_file_ref idref="fl-43"/>
      </object_component>
      <object_component id="oc-6a1">
         <name>.debug_info</name>
         <load_address>0x2ac5</load_address>
         <run_address>0x2ac5</run_address>
         <size>0x16e</size>
         <input_file_ref idref="fl-44"/>
      </object_component>
      <object_component id="oc-63c">
         <name>.debug_info</name>
         <load_address>0x2c33</load_address>
         <run_address>0x2c33</run_address>
         <size>0x5be</size>
         <input_file_ref idref="fl-44"/>
      </object_component>
      <object_component id="oc-538">
         <name>.debug_info</name>
         <load_address>0x31f1</load_address>
         <run_address>0x31f1</run_address>
         <size>0x177</size>
         <input_file_ref idref="fl-45"/>
      </object_component>
      <object_component id="oc-5bb">
         <name>.debug_info</name>
         <load_address>0x3368</load_address>
         <run_address>0x3368</run_address>
         <size>0x1b1</size>
         <input_file_ref idref="fl-46"/>
      </object_component>
      <object_component id="oc-52a">
         <name>.debug_info</name>
         <load_address>0x3519</load_address>
         <run_address>0x3519</run_address>
         <size>0x12b</size>
         <input_file_ref idref="fl-47"/>
      </object_component>
      <object_component id="oc-614">
         <name>.debug_info</name>
         <load_address>0x3644</load_address>
         <run_address>0x3644</run_address>
         <size>0x19e</size>
         <input_file_ref idref="fl-48"/>
      </object_component>
      <object_component id="oc-5a4">
         <name>.debug_info</name>
         <load_address>0x37e2</load_address>
         <run_address>0x37e2</run_address>
         <size>0x264</size>
         <input_file_ref idref="fl-48"/>
      </object_component>
      <object_component id="oc-68a">
         <name>.debug_info</name>
         <load_address>0x3a46</load_address>
         <run_address>0x3a46</run_address>
         <size>0x16e</size>
         <input_file_ref idref="fl-49"/>
      </object_component>
      <object_component id="oc-60a">
         <name>.debug_info</name>
         <load_address>0x3bb4</load_address>
         <run_address>0x3bb4</run_address>
         <size>0x33e</size>
         <input_file_ref idref="fl-49"/>
      </object_component>
      <object_component id="oc-66f">
         <name>.debug_info</name>
         <load_address>0x3ef2</load_address>
         <run_address>0x3ef2</run_address>
         <size>0x131</size>
         <input_file_ref idref="fl-4b"/>
      </object_component>
      <object_component id="oc-680">
         <name>.debug_info</name>
         <load_address>0x4023</load_address>
         <run_address>0x4023</run_address>
         <size>0x131</size>
         <input_file_ref idref="fl-4d"/>
      </object_component>
      <object_component id="oc-6be">
         <name>.debug_info</name>
         <load_address>0x4154</load_address>
         <run_address>0x4154</run_address>
         <size>0x121</size>
         <input_file_ref idref="fl-51"/>
      </object_component>
      <object_component id="oc-641">
         <name>.debug_info</name>
         <load_address>0x4275</load_address>
         <run_address>0x4275</run_address>
         <size>0x127</size>
         <input_file_ref idref="fl-51"/>
      </object_component>
      <object_component id="oc-626">
         <name>.debug_info</name>
         <load_address>0x439c</load_address>
         <run_address>0x439c</run_address>
         <size>0x121</size>
         <input_file_ref idref="fl-52"/>
      </object_component>
      <object_component id="oc-5fe">
         <name>.debug_info</name>
         <load_address>0x44bd</load_address>
         <run_address>0x44bd</run_address>
         <size>0x127</size>
         <input_file_ref idref="fl-52"/>
      </object_component>
      <object_component id="oc-616">
         <name>.debug_info</name>
         <load_address>0x45e4</load_address>
         <run_address>0x45e4</run_address>
         <size>0x121</size>
         <input_file_ref idref="fl-53"/>
      </object_component>
      <object_component id="oc-685">
         <name>.debug_info</name>
         <load_address>0x4705</load_address>
         <run_address>0x4705</run_address>
         <size>0x127</size>
         <input_file_ref idref="fl-53"/>
      </object_component>
      <object_component id="oc-5ad">
         <name>.debug_info</name>
         <load_address>0x482c</load_address>
         <run_address>0x482c</run_address>
         <size>0x1a4</size>
         <input_file_ref idref="fl-55"/>
      </object_component>
      <object_component id="oc-481">
         <name>.debug_info</name>
         <load_address>0x49d0</load_address>
         <run_address>0x49d0</run_address>
         <size>0x101</size>
         <input_file_ref idref="fl-56"/>
      </object_component>
      <object_component id="oc-4cb">
         <name>.debug_info</name>
         <load_address>0x4ad1</load_address>
         <run_address>0x4ad1</run_address>
         <size>0x191</size>
         <input_file_ref idref="fl-56"/>
      </object_component>
      <object_component id="oc-510">
         <name>.debug_info</name>
         <load_address>0x4c62</load_address>
         <run_address>0x4c62</run_address>
         <size>0x1ae</size>
         <input_file_ref idref="fl-57"/>
      </object_component>
      <object_component id="oc-592">
         <name>.debug_info</name>
         <load_address>0x4e10</load_address>
         <run_address>0x4e10</run_address>
         <size>0x18b</size>
         <input_file_ref idref="fl-57"/>
      </object_component>
      <object_component id="oc-4f6">
         <name>.debug_info</name>
         <load_address>0x4f9b</load_address>
         <run_address>0x4f9b</run_address>
         <size>0x154</size>
         <input_file_ref idref="fl-5b"/>
      </object_component>
      <object_component id="oc-636">
         <name>.debug_info</name>
         <load_address>0x50ef</load_address>
         <run_address>0x50ef</run_address>
         <size>0x162</size>
         <input_file_ref idref="fl-5c"/>
      </object_component>
      <object_component id="oc-5a7">
         <name>.debug_info</name>
         <load_address>0x5251</load_address>
         <run_address>0x5251</run_address>
         <size>0x260</size>
         <input_file_ref idref="fl-5c"/>
      </object_component>
      <object_component id="oc-699">
         <name>.debug_info</name>
         <load_address>0x54b1</load_address>
         <run_address>0x54b1</run_address>
         <size>0x46</size>
         <input_file_ref idref="fl-5c"/>
      </object_component>
      <object_component id="oc-631">
         <name>.debug_info</name>
         <load_address>0x54f7</load_address>
         <run_address>0x54f7</run_address>
         <size>0x39</size>
         <input_file_ref idref="fl-5c"/>
      </object_component>
      <object_component id="oc-61c">
         <name>.debug_info</name>
         <load_address>0x5530</load_address>
         <run_address>0x5530</run_address>
         <size>0x121</size>
         <input_file_ref idref="fl-5d"/>
      </object_component>
      <object_component id="oc-556">
         <name>.debug_info</name>
         <load_address>0x5651</load_address>
         <run_address>0x5651</run_address>
         <size>0x123</size>
         <input_file_ref idref="fl-5f"/>
      </object_component>
      <object_component id="oc-739">
         <name>.debug_info</name>
         <load_address>0x5774</load_address>
         <run_address>0x5774</run_address>
         <size>0xa1</size>
      </object_component>
      <object_component id="oc-5c4">
         <name>.debug_line</name>
         <load_address>0x0</load_address>
         <run_address>0x0</run_address>
         <size>0xab</size>
         <input_file_ref idref="fl-1"/>
      </object_component>
      <object_component id="oc-53e">
         <name>.debug_line</name>
         <load_address>0xab</load_address>
         <run_address>0xab</run_address>
         <size>0x5a</size>
         <input_file_ref idref="fl-1"/>
      </object_component>
      <object_component id="oc-521">
         <name>.debug_line</name>
         <load_address>0x105</load_address>
         <run_address>0x105</run_address>
         <size>0x53</size>
         <input_file_ref idref="fl-1"/>
      </object_component>
      <object_component id="oc-527">
         <name>.debug_line</name>
         <load_address>0x158</load_address>
         <run_address>0x158</run_address>
         <size>0x54</size>
         <input_file_ref idref="fl-1"/>
      </object_component>
      <object_component id="oc-532">
         <name>.debug_line</name>
         <load_address>0x1ac</load_address>
         <run_address>0x1ac</run_address>
         <size>0x53</size>
         <input_file_ref idref="fl-1"/>
      </object_component>
      <object_component id="oc-544">
         <name>.debug_line</name>
         <load_address>0x1ff</load_address>
         <run_address>0x1ff</run_address>
         <size>0x50</size>
         <input_file_ref idref="fl-1"/>
      </object_component>
      <object_component id="oc-54a">
         <name>.debug_line</name>
         <load_address>0x24f</load_address>
         <run_address>0x24f</run_address>
         <size>0x5a</size>
         <input_file_ref idref="fl-1"/>
      </object_component>
      <object_component id="oc-4ff">
         <name>.debug_line</name>
         <load_address>0x2a9</load_address>
         <run_address>0x2a9</run_address>
         <size>0x80</size>
         <input_file_ref idref="fl-1"/>
      </object_component>
      <object_component id="oc-4a4">
         <name>.debug_line</name>
         <load_address>0x329</load_address>
         <run_address>0x329</run_address>
         <size>0x46</size>
         <input_file_ref idref="fl-1"/>
      </object_component>
      <object_component id="oc-5c8">
         <name>.debug_line</name>
         <load_address>0x36f</load_address>
         <run_address>0x36f</run_address>
         <size>0x74</size>
         <input_file_ref idref="fl-1"/>
      </object_component>
      <object_component id="oc-550">
         <name>.debug_line</name>
         <load_address>0x3e3</load_address>
         <run_address>0x3e3</run_address>
         <size>0x20</size>
         <input_file_ref idref="fl-1"/>
      </object_component>
      <object_component id="oc-649">
         <name>.debug_line</name>
         <load_address>0x403</load_address>
         <run_address>0x403</run_address>
         <size>0x78</size>
         <input_file_ref idref="fl-1"/>
      </object_component>
      <object_component id="oc-48d">
         <name>.debug_line</name>
         <load_address>0x47b</load_address>
         <run_address>0x47b</run_address>
         <size>0x20</size>
         <input_file_ref idref="fl-22"/>
      </object_component>
      <object_component id="oc-49f">
         <name>.debug_line</name>
         <load_address>0x49b</load_address>
         <run_address>0x49b</run_address>
         <size>0x3d</size>
         <input_file_ref idref="fl-25"/>
      </object_component>
      <object_component id="oc-6cb">
         <name>.debug_line</name>
         <load_address>0x4d8</load_address>
         <run_address>0x4d8</run_address>
         <size>0x2d</size>
         <input_file_ref idref="fl-3e"/>
      </object_component>
      <object_component id="oc-623">
         <name>.debug_line</name>
         <load_address>0x505</load_address>
         <run_address>0x505</run_address>
         <size>0xc9</size>
         <input_file_ref idref="fl-3e"/>
      </object_component>
      <object_component id="oc-612">
         <name>.debug_line</name>
         <load_address>0x5ce</load_address>
         <run_address>0x5ce</run_address>
         <size>0x2e</size>
         <input_file_ref idref="fl-3e"/>
      </object_component>
      <object_component id="oc-6d4">
         <name>.debug_line</name>
         <load_address>0x5fc</load_address>
         <run_address>0x5fc</run_address>
         <size>0x2d</size>
         <input_file_ref idref="fl-3f"/>
      </object_component>
      <object_component id="oc-692">
         <name>.debug_line</name>
         <load_address>0x629</load_address>
         <run_address>0x629</run_address>
         <size>0xff</size>
         <input_file_ref idref="fl-3f"/>
      </object_component>
      <object_component id="oc-6d6">
         <name>.debug_line</name>
         <load_address>0x728</load_address>
         <run_address>0x728</run_address>
         <size>0x20</size>
         <input_file_ref idref="fl-40"/>
      </object_component>
      <object_component id="oc-6c5">
         <name>.debug_line</name>
         <load_address>0x748</load_address>
         <run_address>0x748</run_address>
         <size>0x82</size>
         <input_file_ref idref="fl-40"/>
      </object_component>
      <object_component id="oc-62c">
         <name>.debug_line</name>
         <load_address>0x7ca</load_address>
         <run_address>0x7ca</run_address>
         <size>0x75</size>
         <input_file_ref idref="fl-41"/>
      </object_component>
      <object_component id="oc-59d">
         <name>.debug_line</name>
         <load_address>0x83f</load_address>
         <run_address>0x83f</run_address>
         <size>0x55</size>
         <input_file_ref idref="fl-42"/>
      </object_component>
      <object_component id="oc-606">
         <name>.debug_line</name>
         <load_address>0x894</load_address>
         <run_address>0x894</run_address>
         <size>0x2e</size>
         <input_file_ref idref="fl-42"/>
      </object_component>
      <object_component id="oc-6a3">
         <name>.debug_line</name>
         <load_address>0x8c2</load_address>
         <run_address>0x8c2</run_address>
         <size>0x2d</size>
         <input_file_ref idref="fl-43"/>
      </object_component>
      <object_component id="oc-5b3">
         <name>.debug_line</name>
         <load_address>0x8ef</load_address>
         <run_address>0x8ef</run_address>
         <size>0xec</size>
         <input_file_ref idref="fl-43"/>
      </object_component>
      <object_component id="oc-6cd">
         <name>.debug_line</name>
         <load_address>0x9db</load_address>
         <run_address>0x9db</run_address>
         <size>0x20</size>
         <input_file_ref idref="fl-44"/>
      </object_component>
      <object_component id="oc-63b">
         <name>.debug_line</name>
         <load_address>0x9fb</load_address>
         <run_address>0x9fb</run_address>
         <size>0xd8</size>
         <input_file_ref idref="fl-44"/>
      </object_component>
      <object_component id="oc-536">
         <name>.debug_line</name>
         <load_address>0xad3</load_address>
         <run_address>0xad3</run_address>
         <size>0x3d</size>
         <input_file_ref idref="fl-45"/>
      </object_component>
      <object_component id="oc-5ba">
         <name>.debug_line</name>
         <load_address>0xb10</load_address>
         <run_address>0xb10</run_address>
         <size>0x5a</size>
         <input_file_ref idref="fl-46"/>
      </object_component>
      <object_component id="oc-52d">
         <name>.debug_line</name>
         <load_address>0xb6a</load_address>
         <run_address>0xb6a</run_address>
         <size>0x55</size>
         <input_file_ref idref="fl-47"/>
      </object_component>
      <object_component id="oc-68c">
         <name>.debug_line</name>
         <load_address>0xbbf</load_address>
         <run_address>0xbbf</run_address>
         <size>0x2d</size>
         <input_file_ref idref="fl-48"/>
      </object_component>
      <object_component id="oc-5a3">
         <name>.debug_line</name>
         <load_address>0xbec</load_address>
         <run_address>0xbec</run_address>
         <size>0xfd</size>
         <input_file_ref idref="fl-48"/>
      </object_component>
      <object_component id="oc-6bc">
         <name>.debug_line</name>
         <load_address>0xce9</load_address>
         <run_address>0xce9</run_address>
         <size>0x20</size>
         <input_file_ref idref="fl-49"/>
      </object_component>
      <object_component id="oc-609">
         <name>.debug_line</name>
         <load_address>0xd09</load_address>
         <run_address>0xd09</run_address>
         <size>0x94</size>
         <input_file_ref idref="fl-49"/>
      </object_component>
      <object_component id="oc-66e">
         <name>.debug_line</name>
         <load_address>0xd9d</load_address>
         <run_address>0xd9d</run_address>
         <size>0x46</size>
         <input_file_ref idref="fl-4b"/>
      </object_component>
      <object_component id="oc-683">
         <name>.debug_line</name>
         <load_address>0xde3</load_address>
         <run_address>0xde3</run_address>
         <size>0x49</size>
         <input_file_ref idref="fl-4d"/>
      </object_component>
      <object_component id="oc-6c1">
         <name>.debug_line</name>
         <load_address>0xe2c</load_address>
         <run_address>0xe2c</run_address>
         <size>0x3e</size>
         <input_file_ref idref="fl-51"/>
      </object_component>
      <object_component id="oc-644">
         <name>.debug_line</name>
         <load_address>0xe6a</load_address>
         <run_address>0xe6a</run_address>
         <size>0x56</size>
         <input_file_ref idref="fl-51"/>
      </object_component>
      <object_component id="oc-629">
         <name>.debug_line</name>
         <load_address>0xec0</load_address>
         <run_address>0xec0</run_address>
         <size>0x3e</size>
         <input_file_ref idref="fl-52"/>
      </object_component>
      <object_component id="oc-601">
         <name>.debug_line</name>
         <load_address>0xefe</load_address>
         <run_address>0xefe</run_address>
         <size>0x56</size>
         <input_file_ref idref="fl-52"/>
      </object_component>
      <object_component id="oc-619">
         <name>.debug_line</name>
         <load_address>0xf54</load_address>
         <run_address>0xf54</run_address>
         <size>0x41</size>
         <input_file_ref idref="fl-53"/>
      </object_component>
      <object_component id="oc-688">
         <name>.debug_line</name>
         <load_address>0xf95</load_address>
         <run_address>0xf95</run_address>
         <size>0x56</size>
         <input_file_ref idref="fl-53"/>
      </object_component>
      <object_component id="oc-5b0">
         <name>.debug_line</name>
         <load_address>0xfeb</load_address>
         <run_address>0xfeb</run_address>
         <size>0x4b</size>
         <input_file_ref idref="fl-55"/>
      </object_component>
      <object_component id="oc-4e3">
         <name>.debug_line</name>
         <load_address>0x1036</load_address>
         <run_address>0x1036</run_address>
         <size>0x2a</size>
         <input_file_ref idref="fl-56"/>
      </object_component>
      <object_component id="oc-4cf">
         <name>.debug_line</name>
         <load_address>0x1060</load_address>
         <run_address>0x1060</run_address>
         <size>0x48</size>
         <input_file_ref idref="fl-56"/>
      </object_component>
      <object_component id="oc-512">
         <name>.debug_line</name>
         <load_address>0x10a8</load_address>
         <run_address>0x10a8</run_address>
         <size>0x49</size>
         <input_file_ref idref="fl-57"/>
      </object_component>
      <object_component id="oc-595">
         <name>.debug_line</name>
         <load_address>0x10f1</load_address>
         <run_address>0x10f1</run_address>
         <size>0x71</size>
         <input_file_ref idref="fl-57"/>
      </object_component>
      <object_component id="oc-4f9">
         <name>.debug_line</name>
         <load_address>0x1162</load_address>
         <run_address>0x1162</run_address>
         <size>0x3e</size>
         <input_file_ref idref="fl-5b"/>
      </object_component>
      <object_component id="oc-69f">
         <name>.debug_line</name>
         <load_address>0x11a0</load_address>
         <run_address>0x11a0</run_address>
         <size>0x20</size>
         <input_file_ref idref="fl-5c"/>
      </object_component>
      <object_component id="oc-5aa">
         <name>.debug_line</name>
         <load_address>0x11c0</load_address>
         <run_address>0x11c0</run_address>
         <size>0xac</size>
         <input_file_ref idref="fl-5c"/>
      </object_component>
      <object_component id="oc-69c">
         <name>.debug_line</name>
         <load_address>0x126c</load_address>
         <run_address>0x126c</run_address>
         <size>0x9a</size>
         <input_file_ref idref="fl-5c"/>
      </object_component>
      <object_component id="oc-634">
         <name>.debug_line</name>
         <load_address>0x1306</load_address>
         <run_address>0x1306</run_address>
         <size>0x97</size>
         <input_file_ref idref="fl-5c"/>
      </object_component>
      <object_component id="oc-61b">
         <name>.debug_line</name>
         <load_address>0x139d</load_address>
         <run_address>0x139d</run_address>
         <size>0x3b</size>
         <input_file_ref idref="fl-5d"/>
      </object_component>
      <object_component id="oc-554">
         <name>.debug_line</name>
         <load_address>0x13d8</load_address>
         <run_address>0x13d8</run_address>
         <size>0x3d</size>
         <input_file_ref idref="fl-5f"/>
      </object_component>
      <object_component id="oc-53f">
         <name>.debug_frame</name>
         <load_address>0x0</load_address>
         <run_address>0x0</run_address>
         <size>0x3c</size>
         <input_file_ref idref="fl-1"/>
      </object_component>
      <object_component id="oc-522">
         <name>.debug_frame</name>
         <load_address>0x3c</load_address>
         <run_address>0x3c</run_address>
         <size>0x3c</size>
         <input_file_ref idref="fl-1"/>
      </object_component>
      <object_component id="oc-528">
         <name>.debug_frame</name>
         <load_address>0x78</load_address>
         <run_address>0x78</run_address>
         <size>0x3c</size>
         <input_file_ref idref="fl-1"/>
      </object_component>
      <object_component id="oc-533">
         <name>.debug_frame</name>
         <load_address>0xb4</load_address>
         <run_address>0xb4</run_address>
         <size>0x54</size>
         <input_file_ref idref="fl-1"/>
      </object_component>
      <object_component id="oc-545">
         <name>.debug_frame</name>
         <load_address>0x108</load_address>
         <run_address>0x108</run_address>
         <size>0x3c</size>
         <input_file_ref idref="fl-1"/>
      </object_component>
      <object_component id="oc-54b">
         <name>.debug_frame</name>
         <load_address>0x144</load_address>
         <run_address>0x144</run_address>
         <size>0x40</size>
         <input_file_ref idref="fl-1"/>
      </object_component>
      <object_component id="oc-500">
         <name>.debug_frame</name>
         <load_address>0x184</load_address>
         <run_address>0x184</run_address>
         <size>0x44</size>
         <input_file_ref idref="fl-1"/>
      </object_component>
      <object_component id="oc-4a5">
         <name>.debug_frame</name>
         <load_address>0x1c8</load_address>
         <run_address>0x1c8</run_address>
         <size>0x3c</size>
         <input_file_ref idref="fl-1"/>
      </object_component>
      <object_component id="oc-624">
         <name>.debug_frame</name>
         <load_address>0x204</load_address>
         <run_address>0x204</run_address>
         <size>0x54</size>
         <input_file_ref idref="fl-3e"/>
      </object_component>
      <object_component id="oc-691">
         <name>.debug_frame</name>
         <load_address>0x258</load_address>
         <run_address>0x258</run_address>
         <size>0x5c</size>
         <input_file_ref idref="fl-3f"/>
      </object_component>
      <object_component id="oc-6c4">
         <name>.debug_frame</name>
         <load_address>0x2b4</load_address>
         <run_address>0x2b4</run_address>
         <size>0x50</size>
         <input_file_ref idref="fl-40"/>
      </object_component>
      <object_component id="oc-62d">
         <name>.debug_frame</name>
         <load_address>0x304</load_address>
         <run_address>0x304</run_address>
         <size>0x48</size>
         <input_file_ref idref="fl-41"/>
      </object_component>
      <object_component id="oc-59b">
         <name>.debug_frame</name>
         <load_address>0x34c</load_address>
         <run_address>0x34c</run_address>
         <size>0x48</size>
         <input_file_ref idref="fl-42"/>
      </object_component>
      <object_component id="oc-5b7">
         <name>.debug_frame</name>
         <load_address>0x394</load_address>
         <run_address>0x394</run_address>
         <size>0x54</size>
         <input_file_ref idref="fl-43"/>
      </object_component>
      <object_component id="oc-63a">
         <name>.debug_frame</name>
         <load_address>0x3e8</load_address>
         <run_address>0x3e8</run_address>
         <size>0x70</size>
         <input_file_ref idref="fl-44"/>
      </object_component>
      <object_component id="oc-537">
         <name>.debug_frame</name>
         <load_address>0x458</load_address>
         <run_address>0x458</run_address>
         <size>0x3c</size>
         <input_file_ref idref="fl-45"/>
      </object_component>
      <object_component id="oc-5be">
         <name>.debug_frame</name>
         <load_address>0x494</load_address>
         <run_address>0x494</run_address>
         <size>0x40</size>
         <input_file_ref idref="fl-46"/>
      </object_component>
      <object_component id="oc-5a1">
         <name>.debug_frame</name>
         <load_address>0x4d4</load_address>
         <run_address>0x4d4</run_address>
         <size>0x54</size>
         <input_file_ref idref="fl-48"/>
      </object_component>
      <object_component id="oc-60d">
         <name>.debug_frame</name>
         <load_address>0x528</load_address>
         <run_address>0x528</run_address>
         <size>0x70</size>
         <input_file_ref idref="fl-49"/>
      </object_component>
      <object_component id="oc-5b1">
         <name>.debug_frame</name>
         <load_address>0x598</load_address>
         <run_address>0x598</run_address>
         <size>0x40</size>
         <input_file_ref idref="fl-55"/>
      </object_component>
      <object_component id="oc-4ce">
         <name>.debug_frame</name>
         <load_address>0x5d8</load_address>
         <run_address>0x5d8</run_address>
         <size>0x34</size>
         <input_file_ref idref="fl-56"/>
      </object_component>
      <object_component id="oc-50e">
         <name>.debug_frame</name>
         <load_address>0x6f4</load_address>
         <run_address>0x6f4</run_address>
         <size>0x3f</size>
         <input_file_ref idref="fl-57"/>
      </object_component>
      <object_component id="oc-4fa">
         <name>.debug_frame</name>
         <load_address>0x60c</load_address>
         <run_address>0x60c</run_address>
         <size>0x3c</size>
         <input_file_ref idref="fl-5b"/>
      </object_component>
      <object_component id="oc-5ab">
         <name>.debug_frame</name>
         <load_address>0x648</load_address>
         <run_address>0x648</run_address>
         <size>0x70</size>
         <input_file_ref idref="fl-5c"/>
      </object_component>
      <object_component id="oc-555">
         <name>.debug_frame</name>
         <load_address>0x6b8</load_address>
         <run_address>0x6b8</run_address>
         <size>0x3c</size>
         <input_file_ref idref="fl-5f"/>
      </object_component>
      <object_component id="oc-5c3">
         <name>.debug_abbrev</name>
         <load_address>0x0</load_address>
         <run_address>0x0</run_address>
         <size>0x95</size>
         <input_file_ref idref="fl-1"/>
      </object_component>
      <object_component id="oc-5c0">
         <name>.debug_abbrev</name>
         <load_address>0x95</load_address>
         <run_address>0x95</run_address>
         <size>0x6c</size>
         <input_file_ref idref="fl-1"/>
      </object_component>
      <object_component id="oc-597">
         <name>.debug_abbrev</name>
         <load_address>0x101</load_address>
         <run_address>0x101</run_address>
         <size>0x50</size>
         <input_file_ref idref="fl-1"/>
      </object_component>
      <object_component id="oc-598">
         <name>.debug_abbrev</name>
         <load_address>0x151</load_address>
         <run_address>0x151</run_address>
         <size>0x50</size>
         <input_file_ref idref="fl-1"/>
      </object_component>
      <object_component id="oc-5b8">
         <name>.debug_abbrev</name>
         <load_address>0x1a1</load_address>
         <run_address>0x1a1</run_address>
         <size>0x7c</size>
         <input_file_ref idref="fl-1"/>
      </object_component>
      <object_component id="oc-5c1">
         <name>.debug_abbrev</name>
         <load_address>0x21d</load_address>
         <run_address>0x21d</run_address>
         <size>0x6e</size>
         <input_file_ref idref="fl-1"/>
      </object_component>
      <object_component id="oc-5c2">
         <name>.debug_abbrev</name>
         <load_address>0x28b</load_address>
         <run_address>0x28b</run_address>
         <size>0x6c</size>
         <input_file_ref idref="fl-1"/>
      </object_component>
      <object_component id="oc-54c">
         <name>.debug_abbrev</name>
         <load_address>0x2f7</load_address>
         <run_address>0x2f7</run_address>
         <size>0x62</size>
         <input_file_ref idref="fl-1"/>
      </object_component>
      <object_component id="oc-4ed">
         <name>.debug_abbrev</name>
         <load_address>0x359</load_address>
         <run_address>0x359</run_address>
         <size>0x53</size>
         <input_file_ref idref="fl-1"/>
      </object_component>
      <object_component id="oc-5c7">
         <name>.debug_abbrev</name>
         <load_address>0x3ac</load_address>
         <run_address>0x3ac</run_address>
         <size>0x69</size>
         <input_file_ref idref="fl-1"/>
      </object_component>
      <object_component id="oc-54f">
         <name>.debug_abbrev</name>
         <load_address>0x415</load_address>
         <run_address>0x415</run_address>
         <size>0x1f</size>
         <input_file_ref idref="fl-1"/>
      </object_component>
      <object_component id="oc-648">
         <name>.debug_abbrev</name>
         <load_address>0x434</load_address>
         <run_address>0x434</run_address>
         <size>0x35</size>
         <input_file_ref idref="fl-1"/>
      </object_component>
      <object_component id="oc-48c">
         <name>.debug_abbrev</name>
         <load_address>0x469</load_address>
         <run_address>0x469</run_address>
         <size>0x1f</size>
         <input_file_ref idref="fl-22"/>
      </object_component>
      <object_component id="oc-4ec">
         <name>.debug_abbrev</name>
         <load_address>0x488</load_address>
         <run_address>0x488</run_address>
         <size>0x28</size>
         <input_file_ref idref="fl-25"/>
      </object_component>
      <object_component id="oc-6ca">
         <name>.debug_abbrev</name>
         <load_address>0x4b0</load_address>
         <run_address>0x4b0</run_address>
         <size>0x54</size>
         <input_file_ref idref="fl-3e"/>
      </object_component>
      <object_component id="oc-695">
         <name>.debug_abbrev</name>
         <load_address>0x504</load_address>
         <run_address>0x504</run_address>
         <size>0x7f</size>
         <input_file_ref idref="fl-3e"/>
      </object_component>
      <object_component id="oc-611">
         <name>.debug_abbrev</name>
         <load_address>0x583</load_address>
         <run_address>0x583</run_address>
         <size>0x70</size>
         <input_file_ref idref="fl-3e"/>
      </object_component>
      <object_component id="oc-6d3">
         <name>.debug_abbrev</name>
         <load_address>0x5f3</load_address>
         <run_address>0x5f3</run_address>
         <size>0x4d</size>
         <input_file_ref idref="fl-3f"/>
      </object_component>
      <object_component id="oc-6c8">
         <name>.debug_abbrev</name>
         <load_address>0x640</load_address>
         <run_address>0x640</run_address>
         <size>0x7f</size>
         <input_file_ref idref="fl-3f"/>
      </object_component>
      <object_component id="oc-6d5">
         <name>.debug_abbrev</name>
         <load_address>0x6bf</load_address>
         <run_address>0x6bf</run_address>
         <size>0x35</size>
         <input_file_ref idref="fl-40"/>
      </object_component>
      <object_component id="oc-6d1">
         <name>.debug_abbrev</name>
         <load_address>0x6f4</load_address>
         <run_address>0x6f4</run_address>
         <size>0x7f</size>
         <input_file_ref idref="fl-40"/>
      </object_component>
      <object_component id="oc-698">
         <name>.debug_abbrev</name>
         <load_address>0x773</load_address>
         <run_address>0x773</run_address>
         <size>0x71</size>
         <input_file_ref idref="fl-41"/>
      </object_component>
      <object_component id="oc-602">
         <name>.debug_abbrev</name>
         <load_address>0x7e4</load_address>
         <run_address>0x7e4</run_address>
         <size>0x7f</size>
         <input_file_ref idref="fl-42"/>
      </object_component>
      <object_component id="oc-605">
         <name>.debug_abbrev</name>
         <load_address>0x863</load_address>
         <run_address>0x863</run_address>
         <size>0xa8</size>
         <input_file_ref idref="fl-42"/>
      </object_component>
      <object_component id="oc-6a2">
         <name>.debug_abbrev</name>
         <load_address>0x90b</load_address>
         <run_address>0x90b</run_address>
         <size>0x4d</size>
         <input_file_ref idref="fl-43"/>
      </object_component>
      <object_component id="oc-63e">
         <name>.debug_abbrev</name>
         <load_address>0x958</load_address>
         <run_address>0x958</run_address>
         <size>0x7f</size>
         <input_file_ref idref="fl-43"/>
      </object_component>
      <object_component id="oc-6cc">
         <name>.debug_abbrev</name>
         <load_address>0x9d7</load_address>
         <run_address>0x9d7</run_address>
         <size>0x35</size>
         <input_file_ref idref="fl-44"/>
      </object_component>
      <object_component id="oc-6a0">
         <name>.debug_abbrev</name>
         <load_address>0xa0c</load_address>
         <run_address>0xa0c</run_address>
         <size>0x8d</size>
         <input_file_ref idref="fl-44"/>
      </object_component>
      <object_component id="oc-5bf">
         <name>.debug_abbrev</name>
         <load_address>0xa99</load_address>
         <run_address>0xa99</run_address>
         <size>0x71</size>
         <input_file_ref idref="fl-45"/>
      </object_component>
      <object_component id="oc-645">
         <name>.debug_abbrev</name>
         <load_address>0xb0a</load_address>
         <run_address>0xb0a</run_address>
         <size>0x7f</size>
         <input_file_ref idref="fl-46"/>
      </object_component>
      <object_component id="oc-599">
         <name>.debug_abbrev</name>
         <load_address>0xb89</load_address>
         <run_address>0xb89</run_address>
         <size>0x3c</size>
         <input_file_ref idref="fl-47"/>
      </object_component>
      <object_component id="oc-68b">
         <name>.debug_abbrev</name>
         <load_address>0xbc5</load_address>
         <run_address>0xbc5</run_address>
         <size>0x4d</size>
         <input_file_ref idref="fl-48"/>
      </object_component>
      <object_component id="oc-60e">
         <name>.debug_abbrev</name>
         <load_address>0xc12</load_address>
         <run_address>0xc12</run_address>
         <size>0x7f</size>
         <input_file_ref idref="fl-48"/>
      </object_component>
      <object_component id="oc-6bb">
         <name>.debug_abbrev</name>
         <load_address>0xc91</load_address>
         <run_address>0xc91</run_address>
         <size>0x35</size>
         <input_file_ref idref="fl-49"/>
      </object_component>
      <object_component id="oc-689">
         <name>.debug_abbrev</name>
         <load_address>0xcc6</load_address>
         <run_address>0xcc6</run_address>
         <size>0x8d</size>
         <input_file_ref idref="fl-49"/>
      </object_component>
      <object_component id="oc-6aa">
         <name>.debug_abbrev</name>
         <load_address>0xd53</load_address>
         <run_address>0xd53</run_address>
         <size>0x3c</size>
         <input_file_ref idref="fl-4b"/>
      </object_component>
      <object_component id="oc-6b9">
         <name>.debug_abbrev</name>
         <load_address>0xd8f</load_address>
         <run_address>0xd8f</run_address>
         <size>0x3c</size>
         <input_file_ref idref="fl-4d"/>
      </object_component>
      <object_component id="oc-6d0">
         <name>.debug_abbrev</name>
         <load_address>0xdcb</load_address>
         <run_address>0xdcb</run_address>
         <size>0x3c</size>
         <input_file_ref idref="fl-51"/>
      </object_component>
      <object_component id="oc-6a4">
         <name>.debug_abbrev</name>
         <load_address>0xe07</load_address>
         <run_address>0xe07</run_address>
         <size>0x3c</size>
         <input_file_ref idref="fl-51"/>
      </object_component>
      <object_component id="oc-697">
         <name>.debug_abbrev</name>
         <load_address>0xe43</load_address>
         <run_address>0xe43</run_address>
         <size>0x3c</size>
         <input_file_ref idref="fl-52"/>
      </object_component>
      <object_component id="oc-67e">
         <name>.debug_abbrev</name>
         <load_address>0xe7f</load_address>
         <run_address>0xe7f</run_address>
         <size>0x3c</size>
         <input_file_ref idref="fl-52"/>
      </object_component>
      <object_component id="oc-68d">
         <name>.debug_abbrev</name>
         <load_address>0xebb</load_address>
         <run_address>0xebb</run_address>
         <size>0x3c</size>
         <input_file_ref idref="fl-53"/>
      </object_component>
      <object_component id="oc-6ba">
         <name>.debug_abbrev</name>
         <load_address>0xef7</load_address>
         <run_address>0xef7</run_address>
         <size>0x3c</size>
         <input_file_ref idref="fl-53"/>
      </object_component>
      <object_component id="oc-637">
         <name>.debug_abbrev</name>
         <load_address>0xf33</load_address>
         <run_address>0xf33</run_address>
         <size>0x7f</size>
         <input_file_ref idref="fl-55"/>
      </object_component>
      <object_component id="oc-4e2">
         <name>.debug_abbrev</name>
         <load_address>0xfb2</load_address>
         <run_address>0xfb2</run_address>
         <size>0x29</size>
         <input_file_ref idref="fl-56"/>
      </object_component>
      <object_component id="oc-513">
         <name>.debug_abbrev</name>
         <load_address>0xfdb</load_address>
         <run_address>0xfdb</run_address>
         <size>0x58</size>
         <input_file_ref idref="fl-56"/>
      </object_component>
      <object_component id="oc-591">
         <name>.debug_abbrev</name>
         <load_address>0x1033</load_address>
         <run_address>0x1033</run_address>
         <size>0x5e</size>
         <input_file_ref idref="fl-57"/>
      </object_component>
      <object_component id="oc-594">
         <name>.debug_abbrev</name>
         <load_address>0x1091</load_address>
         <run_address>0x1091</run_address>
         <size>0x35</size>
         <input_file_ref idref="fl-57"/>
      </object_component>
      <object_component id="oc-51c">
         <name>.debug_abbrev</name>
         <load_address>0x10c6</load_address>
         <run_address>0x10c6</run_address>
         <size>0x55</size>
         <input_file_ref idref="fl-5b"/>
      </object_component>
      <object_component id="oc-69e">
         <name>.debug_abbrev</name>
         <load_address>0x111b</load_address>
         <run_address>0x111b</run_address>
         <size>0x25</size>
         <input_file_ref idref="fl-5c"/>
      </object_component>
[...]
         <value>0x5d9</value>
      </symbol>
      <symbol id="sm-3de">
         <name>UCB1I2COA3</name>
         <value>0x5da</value>
      </symbol>
      <symbol id="sm-3df">
         <name>UCB1I2COA3_L</name>
         <value>0x5da</value>
      </symbol>
      <symbol id="sm-3e0">
         <name>UCB1I2COA3_H</name>
         <value>0x5db</value>
      </symbol>
      <symbol id="sm-3e1">
         <name>UCB1ADDRX</name>
         <value>0x5dc</value>
      </symbol>
      <symbol id="sm-3e2">
         <name>UCB1ADDRX_L</name>
         <value>0x5dc</value>
      </symbol>
      <symbol id="sm-3e3">
         <name>UCB1ADDRX_H</name>
         <value>0x5dd</value>
      </symbol>
      <symbol id="sm-3e4">
         <name>UCB1ADDMASK</name>
         <value>0x5de</value>
      </symbol>
      <symbol id="sm-3e5">
         <name>UCB1ADDMASK_L</name>
         <value>0x5de</value>
      </symbol>
      <symbol id="sm-3e6">
         <name>UCB1ADDMASK_H</name>
         <value>0x5df</value>
      </symbol>
      <symbol id="sm-3e7">
         <name>UCB1I2CSA</name>
         <value>0x5e0</value>
      </symbol>
      <symbol id="sm-3e8">
         <name>UCB1I2CSA_L</name>
         <value>0x5e0</value>
      </symbol>
      <symbol id="sm-3e9">
         <name>UCB1I2CSA_H</name>
         <value>0x5e1</value>
      </symbol>
      <symbol id="sm-3ea">
         <name>UCB1IE</name>
         <value>0x5ea</value>
      </symbol>
      <symbol id="sm-3eb">
         <name>UCB1IE_L</name>
         <value>0x5ea</value>
      </symbol>
      <symbol id="sm-3ec">
         <name>UCB1IE_H</name>
         <value>0x5eb</value>
      </symbol>
      <symbol id="sm-3ed">
         <name>UCB1IFG</name>
         <value>0x5ec</value>
      </symbol>
      <symbol id="sm-3ee">
         <name>UCB1IFG_L</name>
         <value>0x5ec</value>
      </symbol>
      <symbol id="sm-3ef">
         <name>UCB1IFG_H</name>
         <value>0x5ed</value>
      </symbol>
      <symbol id="sm-3f0">
         <name>UCB1IV</name>
         <value>0x5ee</value>
      </symbol>
      <symbol id="sm-3f1">
         <name>UCB1IV_L</name>
         <value>0x5ee</value>
      </symbol>
      <symbol id="sm-3f2">
         <name>UCB1IV_H</name>
         <value>0x5ef</value>
      </symbol>
      <symbol id="sm-3f3">
         <name>fram_rw_start</name>
         <value>0x8000</value>
      </symbol>
      <symbol id="sm-3f4">
         <name>fram_rx_start</name>
         <value>0x8000</value>
      </symbol>
      <symbol id="sm-3f5">
         <name>__STACK_SIZE</name>
         <value>0xa0</value>
      </symbol>
      <symbol id="sm-3f6">
         <name>__STACK_END</name>
         <value>0x3000</value>
      </symbol>
      <symbol id="sm-3f7">
         <name>__c_args__</name>
         <value>0xffffffff</value>
      </symbol>
      <symbol id="sm-3f8">
         <name>__TI_pprof_out_hndl</name>
         <value>0xffffffff</value>
      </symbol>
      <symbol id="sm-3f9">
         <name>__TI_prof_data_start</name>
         <value>0xffffffff</value>
      </symbol>
      <symbol id="sm-3fa">
         <name>__TI_prof_data_size</name>
         <value>0xffffffff</value>
      </symbol>
      <symbol id="sm-4b8">
         <name>update_button_state</name>
         <value>0x9610</value>
         <object_component_ref idref="oc-53a"/>
      </symbol>
      <symbol id="sm-4b9">
         <name>config_all_buttons</name>
         <value>0x986a</value>
         <object_component_ref idref="oc-51d"/>
      </symbol>
      <symbol id="sm-4ba">
         <name>config_all_leds</name>
         <value>0x98b6</value>
         <object_component_ref idref="oc-523"/>
      </symbol>
      <symbol id="sm-4bb">
         <name>__TI_int42</name>
         <value>0xfff6</value>
         <object_component_ref idref="oc-86"/>
      </symbol>
      <symbol id="sm-4bc">
         <name>TB0_ISR</name>
         <value>0x993a</value>
         <object_component_ref idref="oc-4a0"/>
      </symbol>
      <symbol id="sm-4bd">
         <name>main</name>
         <value>0x9252</value>
         <object_component_ref idref="oc-4fb"/>
      </symbol>
      <symbol id="sm-4be">
         <name>debounce</name>
         <value>0x9884</value>
         <object_component_ref idref="oc-546"/>
      </symbol>
      <symbol id="sm-4bf">
         <name>get_N</name>
         <value>0x9530</value>
         <object_component_ref idref="oc-52e"/>
      </symbol>
      <symbol id="sm-4c0">
         <name>button_pressed</name>
         <value>0x984e</value>
         <object_component_ref idref="oc-540"/>
      </symbol>
      <symbol id="sm-4cb">
         <name>__TI_int22</name>
         <value>0xffce</value>
         <object_component_ref idref="oc-72"/>
      </symbol>
      <symbol id="sm-4d3">
         <name>__TI_ISR_TRAP</name>
         <value>0x9948</value>
         <object_component_ref idref="oc-49b"/>
      </symbol>
      <symbol id="sm-4d6">
         <name>__TI_int23</name>
         <value>0xffd0</value>
         <object_component_ref idref="oc-73"/>
      </symbol>
      <symbol id="sm-4d9">
         <name>__TI_int24</name>
         <value>0xffd2</value>
         <object_component_ref idref="oc-74"/>
      </symbol>
      <symbol id="sm-4dc">
         <name>__TI_int25</name>
         <value>0xffd4</value>
         <object_component_ref idref="oc-75"/>
      </symbol>
      <symbol id="sm-4df">
         <name>__TI_int26</name>
         <value>0xffd6</value>
         <object_component_ref idref="oc-76"/>
      </symbol>
      <symbol id="sm-4e2">
         <name>__TI_int27</name>
         <value>0xffd8</value>
         <object_component_ref idref="oc-77"/>
      </symbol>
      <symbol id="sm-4e5">
         <name>__TI_int28</name>
         <value>0xffda</value>
         <object_component_ref idref="oc-78"/>
      </symbol>
      <symbol id="sm-4e8">
         <name>__TI_int29</name>
         <value>0xffdc</value>
         <object_component_ref idref="oc-79"/>
      </symbol>
      <symbol id="sm-4eb">
         <name>__TI_int30</name>
         <value>0xffde</value>
         <object_component_ref idref="oc-7a"/>
      </symbol>
      <symbol id="sm-4ee">
         <name>__TI_int31</name>
         <value>0xffe0</value>
         <object_component_ref idref="oc-7b"/>
      </symbol>
      <symbol id="sm-4f1">
         <name>__TI_int32</name>
         <value>0xffe2</value>
         <object_component_ref idref="oc-7c"/>
      </symbol>
      <symbol id="sm-4f4">
         <name>__TI_int33</name>
         <value>0xffe4</value>
         <object_component_ref idref="oc-7d"/>
      </symbol>
      <symbol id="sm-4f7">
         <name>__TI_int34</name>
         <value>0xffe6</value>
         <object_component_ref idref="oc-7e"/>
      </symbol>
      <symbol id="sm-4fa">
         <name>__TI_int35</name>
         <value>0xffe8</value>
         <object_component_ref idref="oc-7f"/>
      </symbol>
      <symbol id="sm-4fd">
         <name>__TI_int36</name>
         <value>0xffea</value>
         <object_component_ref idref="oc-80"/>
      </symbol>
      <symbol id="sm-500">
         <name>__TI_int37</name>
         <value>0xffec</value>
         <object_component_ref idref="oc-81"/>
      </symbol>
      <symbol id="sm-503">
         <name>__TI_int38</name>
         <value>0xffee</value>
         <object_component_ref idref="oc-82"/>
      </symbol>
      <symbol id="sm-506">
         <name>__TI_int39</name>
         <value>0xfff0</value>
         <object_component_ref idref="oc-83"/>
      </symbol>
      <symbol id="sm-509">
         <name>__TI_int40</name>
         <value>0xfff2</value>
         <object_component_ref idref="oc-84"/>
      </symbol>
      <symbol id="sm-50c">
         <name>__TI_int41</name>
         <value>0xfff4</value>
         <object_component_ref idref="oc-85"/>
      </symbol>
      <symbol id="sm-50f">
         <name>__TI_int43</name>
         <value>0xfff8</value>
         <object_component_ref idref="oc-87"/>
      </symbol>
      <symbol id="sm-512">
         <name>__TI_int44</name>
         <value>0xfffa</value>
         <object_component_ref idref="oc-88"/>
      </symbol>
      <symbol id="sm-515">
         <name>__TI_int45</name>
         <value>0xfffc</value>
         <object_component_ref idref="oc-89"/>
      </symbol>
      <symbol id="sm-53e">
         <name>__mspabi_addd</name>
         <value>0x8466</value>
         <object_component_ref idref="oc-61f"/>
      </symbol>
      <symbol id="sm-55f">
         <name>__TI_frcaddd</name>
         <value>0x8c28</value>
         <object_component_ref idref="oc-68f"/>
      </symbol>
      <symbol id="sm-573">
         <name>__TI_renormd</name>
         <value>0x947e</value>
         <object_component_ref idref="oc-6c2"/>
      </symbol>
      <symbol id="sm-58d">
         <name>__mspabi_cmpd</name>
         <value>0x93a6</value>
         <object_component_ref idref="oc-62a"/>
      </symbol>
      <symbol id="sm-5a0">
         <name>__mspabi_cvtfd</name>
         <value>0x9674</value>
         <object_component_ref idref="oc-59a"/>
      </symbol>
      <symbol id="sm-5c1">
         <name>__mspabi_divd</name>
         <value>0x8e70</value>
         <object_component_ref idref="oc-5b2"/>
      </symbol>
      <symbol id="sm-5dc">
         <name>__TI_frcdivd</name>
         <value>0x8000</value>
         <object_component_ref idref="oc-638"/>
      </symbol>
      <symbol id="sm-5e7">
         <name>__mspabi_fixdu</name>
         <value>0x98cc</value>
         <object_component_ref idref="oc-534"/>
      </symbol>
      <symbol id="sm-5f7">
         <name>__mspabi_fixdul</name>
         <value>0x95a8</value>
         <object_component_ref idref="oc-5b9"/>
      </symbol>
      <symbol id="sm-604">
         <name>__mspabi_fltif</name>
         <value>0x97c6</value>
         <object_component_ref idref="oc-529"/>
      </symbol>
      <symbol id="sm-625">
         <name>__mspabi_mpyd</name>
         <value>0x89c4</value>
         <object_component_ref idref="oc-5a0"/>
      </symbol>
      <symbol id="sm-635">
         <name>__TI_frcmpyd</name>
         <value>0x8744</value>
         <object_component_ref idref="oc-608"/>
      </symbol>
      <symbol id="sm-63e">
         <name>__mspabi_mpyi_f5hw</name>
         <value>0x989e</value>
         <object_component_ref idref="oc-66c"/>
      </symbol>
      <symbol id="sm-647">
         <name>__mspabi_mpyl_f5hw</name>
         <value>0x982a</value>
         <object_component_ref idref="oc-67f"/>
      </symbol>
      <symbol id="sm-65a">
         <name>__mspabi_slll_9</name>
         <value>0x9726</value>
         <object_component_ref idref="oc-640"/>
      </symbol>
      <symbol id="sm-65b">
         <name>__mspabi_slll_8</name>
         <value>0x972a</value>
         <object_component_ref idref="oc-640"/>
      </symbol>
      <symbol id="sm-65c">
         <name>__mspabi_slll_7</name>
         <value>0x972e</value>
         <object_component_ref idref="oc-640"/>
      </symbol>
      <symbol id="sm-65d">
         <name>__mspabi_slll_6</name>
         <value>0x9732</value>
         <object_component_ref idref="oc-640"/>
      </symbol>
      <symbol id="sm-65e">
         <name>__mspabi_slll_5</name>
         <value>0x9736</value>
         <object_component_ref idref="oc-640"/>
      </symbol>
      <symbol id="sm-65f">
         <name>__mspabi_slll_4</name>
         <value>0x973a</value>
         <object_component_ref idref="oc-640"/>
      </symbol>
      <symbol id="sm-660">
         <name>__mspabi_slll_3</name>
         <value>0x973e</value>
         <object_component_ref idref="oc-640"/>
      </symbol>
      <symbol id="sm-661">
         <name>__mspabi_slll_2</name>
         <value>0x9742</value>
         <object_component_ref idref="oc-640"/>
      </symbol>
      <symbol id="sm-662">
         <name>__mspabi_slll_1</name>
         <value>0x9746</value>
         <object_component_ref idref="oc-640"/>
      </symbol>
      <symbol id="sm-663">
         <name>__mspabi_slll</name>
         <value>0x98ee</value>
         <object_component_ref idref="oc-6bd"/>
      </symbol>
      <symbol id="sm-664">
         <name>__mspabi_slll_15</name>
         <value>0x970e</value>
         <object_component_ref idref="oc-640"/>
      </symbol>
      <symbol id="sm-665">
         <name>__mspabi_slll_14</name>
         <value>0x9712</value>
         <object_component_ref idref="oc-640"/>
      </symbol>
      <symbol id="sm-666">
         <name>__mspabi_slll_13</name>
         <value>0x9716</value>
         <object_component_ref idref="oc-640"/>
      </symbol>
      <symbol id="sm-667">
         <name>__mspabi_slll_12</name>
         <value>0x971a</value>
         <object_component_ref idref="oc-640"/>
      </symbol>
      <symbol id="sm-668">
         <name>__mspabi_slll_11</name>
         <value>0x971e</value>
         <object_component_ref idref="oc-640"/>
      </symbol>
      <symbol id="sm-669">
         <name>__mspabi_slll_10</name>
         <value>0x9722</value>
         <object_component_ref idref="oc-640"/>
      </symbol>
      <symbol id="sm-679">
         <name>__mspabi_sral</name>
         <value>0x98de</value>
         <object_component_ref idref="oc-625"/>
      </symbol>
      <symbol id="sm-67a">
         <name>__mspabi_sral_15</name>
         <value>0x96d0</value>
         <object_component_ref idref="oc-5fd"/>
      </symbol>
      <symbol id="sm-67b">
         <name>__mspabi_sral_14</name>
         <value>0x96d4</value>
         <object_component_ref idref="oc-5fd"/>
      </symbol>
      <symbol id="sm-67c">
         <name>__mspabi_sral_13</name>
         <value>0x96d8</value>
         <object_component_ref idref="oc-5fd"/>
      </symbol>
      <symbol id="sm-67d">
         <name>__mspabi_sral_12</name>
         <value>0x96dc</value>
         <object_component_ref idref="oc-5fd"/>
      </symbol>
      <symbol id="sm-67e">
         <name>__mspabi_sral_11</name>
         <value>0x96e0</value>
         <object_component_ref idref="oc-5fd"/>
      </symbol>
      <symbol id="sm-67f">
         <name>__mspabi_sral_10</name>
         <value>0x96e4</value>
         <object_component_ref idref="oc-5fd"/>
      </symbol>
      <symbol id="sm-680">
         <name>__mspabi_sral_8</name>
         <value>0x96ec</value>
         <object_component_ref idref="oc-5fd"/>
      </symbol>
      <symbol id="sm-681">
         <name>__mspabi_sral_9</name>
         <value>0x96e8</value>
         <object_component_ref idref="oc-5fd"/>
      </symbol>
      <symbol id="sm-682">
         <name>__mspabi_sral_6</name>
         <value>0x96f4</value>
         <object_component_ref idref="oc-5fd"/>
      </symbol>
      <symbol id="sm-683">
         <name>__mspabi_sral_7</name>
         <value>0x96f0</value>
         <object_component_ref idref="oc-5fd"/>
      </symbol>
      <symbol id="sm-684">
         <name>__mspabi_sral_4</name>
         <value>0x96fc</value>
         <object_component_ref idref="oc-5fd"/>
      </symbol>
      <symbol id="sm-685">
         <name>__mspabi_sral_5</name>
         <value>0x96f8</value>
         <object_component_ref idref="oc-5fd"/>
      </symbol>
      <symbol id="sm-686">
         <name>__mspabi_sral_2</name>
         <value>0x9704</value>
         <object_component_ref idref="oc-5fd"/>
      </symbol>
      <symbol id="sm-687">
         <name>__mspabi_sral_3</name>
         <value>0x9700</value>
         <object_component_ref idref="oc-5fd"/>
      </symbol>
      <symbol id="sm-688">
         <name>__mspabi_sral_1</name>
         <value>0x9708</value>
         <object_component_ref idref="oc-5fd"/>
      </symbol>
      <symbol id="sm-698">
         <name>__mspabi_srll_8</name>
         <value>0x9768</value>
         <object_component_ref idref="oc-684"/>
      </symbol>
      <symbol id="sm-699">
         <name>__mspabi_srll_9</name>
         <value>0x9764</value>
         <object_component_ref idref="oc-684"/>
      </symbol>
      <symbol id="sm-69a">
         <name>__mspabi_srll_6</name>
         <value>0x9770</value>
         <object_component_ref idref="oc-684"/>
      </symbol>
      <symbol id="sm-69b">
         <name>__mspabi_srll_7</name>
         <value>0x976c</value>
         <object_component_ref idref="oc-684"/>
      </symbol>
      <symbol id="sm-69c">
         <name>__mspabi_srll_4</name>
         <value>0x9778</value>
         <object_component_ref idref="oc-684"/>
      </symbol>
      <symbol id="sm-69d">
         <name>__mspabi_srll_5</name>
         <value>0x9774</value>
         <object_component_ref idref="oc-684"/>
      </symbol>
      <symbol id="sm-69e">
         <name>__mspabi_srll_2</name>
         <value>0x9780</value>
         <object_component_ref idref="oc-684"/>
      </symbol>
      <symbol id="sm-69f">
         <name>__mspabi_srll_3</name>
         <value>0x977c</value>
         <object_component_ref idref="oc-684"/>
      </symbol>
      <symbol id="sm-6a0">
         <name>__mspabi_srll_1</name>
         <value>0x9784</value>
         <object_component_ref idref="oc-684"/>
      </symbol>
      <symbol id="sm-6a1">
         <name>__mspabi_srll_15</name>
         <value>0x974c</value>
         <object_component_ref idref="oc-684"/>
      </symbol>
      <symbol id="sm-6a2">
         <name>__mspabi_srll_14</name>
         <value>0x9750</value>
         <object_component_ref idref="oc-684"/>
      </symbol>
      <symbol id="sm-6a3">
         <name>__mspabi_srll_13</name>
         <value>0x9754</value>
         <object_component_ref idref="oc-684"/>
      </symbol>
      <symbol id="sm-6a4">
         <name>__mspabi_srll_12</name>
         <value>0x9758</value>
         <object_component_ref idref="oc-684"/>
      </symbol>
      <symbol id="sm-6a5">
         <name>__mspabi_srll_11</name>
         <value>0x975c</value>
         <object_component_ref idref="oc-684"/>
      </symbol>
      <symbol id="sm-6a6">
         <name>__mspabi_srll_10</name>
         <value>0x9760</value>
         <object_component_ref idref="oc-684"/>
      </symbol>
      <symbol id="sm-6a7">
         <name>__mspabi_srll</name>
         <value>0x98fe</value>
         <object_component_ref idref="oc-615"/>
      </symbol>
      <symbol id="sm-6b1">
         <name>__mspabi_subd</name>
         <value>0x97fc</value>
         <object_component_ref idref="oc-5ac"/>
      </symbol>
      <symbol id="sm-6c0">
         <name>_c_int00_noinit_noargs_mpu</name>
         <value>0x9922</value>
         <object_component_ref idref="oc-4ca"/>
      </symbol>
      <symbol id="sm-6c1">
         <name>_stack</name>
         <value>0x2f60</value>
         <object_component_ref idref="oc-480"/>
      </symbol>
      <symbol id="sm-6c2">
         <name>_reset_vector</name>
         <value>0xfffe</value>
         <object_component_ref idref="oc-483"/>
      </symbol>
      <symbol id="sm-6d0">
         <name>__mpu_init</name>
         <value>0x978a</value>
         <object_component_ref idref="oc-50d"/>
      </symbol>
      <symbol id="sm-6dc">
         <name>_system_pre_init</name>
         <value>0x991e</value>
         <object_component_ref idref="oc-4f5"/>
      </symbol>
      <symbol id="sm-709">
         <name>ceil</name>
         <value>0x9090</value>
         <object_component_ref idref="oc-5a6"/>
      </symbol>
      <symbol id="sm-70a">
         <name>ceill</name>
         <value>0x9090</value>
         <object_component_ref idref="oc-5a6"/>
      </symbol>
      <symbol id="sm-713">
         <name>__mspabi_slli</name>
         <value>0x990e</value>
         <object_component_ref idref="oc-61a"/>
      </symbol>
      <symbol id="sm-71e">
         <name>C$$EXIT</name>
         <value>0x9918</value>
         <object_component_ref idref="oc-553"/>
      </symbol>
      <symbol id="sm-71f">
         <name>abort</name>
         <value>0x9918</value>
         <object_component_ref idref="oc-553"/>
      </symbol>
   </symbol_table>
   <title>Link successful</title>
</link_info>
